// Jest Snapshot v1, https://goo.gl/fbAQLP

exports[`<Header /> should match the snapshot 1`] = `
ShallowWrapper {
  "length": 1,
  Symbol(enzyme.__root__): [Circular],
  Symbol(enzyme.__unrendered__): <Header
    onSubmit={[MockFunction]}
  />,
  Symbol(enzyme.__renderer__): Object {
    "batchedUpdates": [Function],
    "getNode": [Function],
    "render": [Function],
    "simulateEvent": [Function],
    "unmount": [Function],
  },
  Symbol(enzyme.__node__): Object {
    "instance": null,
    "key": undefined,
    "nodeType": "host",
    "props": Object {
      "children": Array [
        <div
          className="near-black"
        >
          <h2>
            A Modern SOAP Editor
          </h2>
        </div>,
        <div>
          <button
            className="pointer f6 br2 ba bg-green white pa2 pl3 pr3 ml1 mv1 hover-bg-dark-green border-box"
            data-role="submit"
            onClick={[MockFunction]}
          >
            Submit
          </button>
        </div>,
      ],
      "className": "h-100 w-100 bg-white flex justify-between items-center pl3 pr3 bb br b--moon-gray",
    },
    "ref": null,
    "rendered": Array [
      Object {
        "instance": null,
        "key": undefined,
        "nodeType": "host",
        "props": Object {
          "children": <h2>
            A Modern SOAP Editor
          </h2>,
          "className": "near-black",
        },
        "ref": null,
        "rendered": Object {
          "instance": null,
          "key": undefined,
          "nodeType": "host",
          "props": Object {
            "children": "A Modern SOAP Editor",
          },
          "ref": null,
          "rendered": "A Modern SOAP Editor",
          "type": "h2",
        },
        "type": "div",
      },
      Object {
        "instance": null,
        "key": undefined,
        "nodeType": "host",
        "props": Object {
          "children": <button
            className="pointer f6 br2 ba bg-green white pa2 pl3 pr3 ml1 mv1 hover-bg-dark-green border-box"
            data-role="submit"
            onClick={[MockFunction]}
          >
            Submit
          </button>,
        },
        "ref": null,
        "rendered": Object {
          "instance": null,
          "key": undefined,
          "nodeType": "host",
          "props": Object {
            "children": "Submit",
            "className": "pointer f6 br2 ba bg-green white pa2 pl3 pr3 ml1 mv1 hover-bg-dark-green border-box",
            "data-role": "submit",
            "onClick": [MockFunction],
          },
          "ref": null,
          "rendered": "Submit",
          "type": "button",
        },
        "type": "div",
      },
    ],
    "type": "div",
  },
  Symbol(enzyme.__nodes__): Array [
    Object {
      "instance": null,
      "key": undefined,
      "nodeType": "host",
      "props": Object {
        "children": Array [
          <div
            className="near-black"
          >
            <h2>
              A Modern SOAP Editor
            </h2>
          </div>,
          <div>
            <button
              className="pointer f6 br2 ba bg-green white pa2 pl3 pr3 ml1 mv1 hover-bg-dark-green border-box"
              data-role="submit"
              onClick={[MockFunction]}
            >
              Submit
            </button>
          </div>,
        ],
        "className": "h-100 w-100 bg-white flex justify-between items-center pl3 pr3 bb br b--moon-gray",
      },
      "ref": null,
      "rendered": Array [
        Object {
          "instance": null,
          "key": undefined,
          "nodeType": "host",
          "props": Object {
            "children": <h2>
              A Modern SOAP Editor
            </h2>,
            "className": "near-black",
          },
          "ref": null,
          "rendered": Object {
            "instance": null,
            "key": undefined,
            "nodeType": "host",
            "props": Object {
              "children": "A Modern SOAP Editor",
            },
            "ref": null,
            "rendered": "A Modern SOAP Editor",
            "type": "h2",
          },
          "type": "div",
        },
        Object {
          "instance": null,
          "key": undefined,
          "nodeType": "host",
          "props": Object {
            "children": <button
              className="pointer f6 br2 ba bg-green white pa2 pl3 pr3 ml1 mv1 hover-bg-dark-green border-box"
              data-role="submit"
              onClick={[MockFunction]}
            >
              Submit
            </button>,
          },
          "ref": null,
          "rendered": Object {
            "instance": null,
            "key": undefined,
            "nodeType": "host",
            "props": Object {
              "children": "Submit",
              "className": "pointer f6 br2 ba bg-green white pa2 pl3 pr3 ml1 mv1 hover-bg-dark-green border-box",
              "data-role": "submit",
              "onClick": [MockFunction],
            },
            "ref": null,
            "rendered": "Submit",
            "type": "button",
          },
          "type": "div",
        },
      ],
      "type": "div",
    },
  ],
  Symbol(enzyme.__options__): Object {
    "adapter": ReactSixteenAdapter {
      "options": Object {
        "enableComponentDidUpdateOnSetState": true,
      },
    },
  },
}
`;
