// Jest Snapshot v1, https://goo.gl/fbAQLP

exports[`<SmallProject /> should match the snapshot 1`] = `
ShallowWrapper {
  "length": 1,
  Symbol(enzyme.__root__): [Circular],
  Symbol(enzyme.__unrendered__): <SmallProject
    onExpand={[MockFunction]}
  />,
  Symbol(enzyme.__renderer__): Object {
    "batchedUpdates": [Function],
    "getNode": [Function],
    "render": [Function],
    "simulateEvent": [Function],
    "unmount": [Function],
  },
  Symbol(enzyme.__node__): Object {
    "instance": null,
    "key": undefined,
    "nodeType": "host",
    "props": Object {
      "children": Array [
        <div
          className="b f3 pa2"
        >
          Project Information
        </div>,
        <div
          className="pointer pa2"
          data-role="expand"
          onClick={[MockFunction]}
        >
          <ExpandUp
            fill="#000000"
          />
        </div>,
      ],
      "className": "h-100 w-100 near-black flex items-center justify-between",
    },
    "ref": null,
    "rendered": Array [
      Object {
        "instance": null,
        "key": undefined,
        "nodeType": "host",
        "props": Object {
          "children": "Project Information",
          "className": "b f3 pa2",
        },
        "ref": null,
        "rendered": "Project Information",
        "type": "div",
      },
      Object {
        "instance": null,
        "key": undefined,
        "nodeType": "host",
        "props": Object {
          "children": <ExpandUp
            fill="#000000"
          />,
          "className": "pointer pa2",
          "data-role": "expand",
          "onClick": [MockFunction],
        },
        "ref": null,
        "rendered": Object {
          "instance": null,
          "key": undefined,
          "nodeType": "function",
          "props": Object {
            "fill": "#000000",
          },
          "ref": null,
          "rendered": null,
          "type": [Function],
        },
        "type": "div",
      },
    ],
    "type": "div",
  },
  Symbol(enzyme.__nodes__): Array [
    Object {
      "instance": null,
      "key": undefined,
      "nodeType": "host",
      "props": Object {
        "children": Array [
          <div
            className="b f3 pa2"
          >
            Project Information
          </div>,
          <div
            className="pointer pa2"
            data-role="expand"
            onClick={[MockFunction]}
          >
            <ExpandUp
              fill="#000000"
            />
          </div>,
        ],
        "className": "h-100 w-100 near-black flex items-center justify-between",
      },
      "ref": null,
      "rendered": Array [
        Object {
          "instance": null,
          "key": undefined,
          "nodeType": "host",
          "props": Object {
            "children": "Project Information",
            "className": "b f3 pa2",
          },
          "ref": null,
          "rendered": "Project Information",
          "type": "div",
        },
        Object {
          "instance": null,
          "key": undefined,
          "nodeType": "host",
          "props": Object {
            "children": <ExpandUp
              fill="#000000"
            />,
            "className": "pointer pa2",
            "data-role": "expand",
            "onClick": [MockFunction],
          },
          "ref": null,
          "rendered": Object {
            "instance": null,
            "key": undefined,
            "nodeType": "function",
            "props": Object {
              "fill": "#000000",
            },
            "ref": null,
            "rendered": null,
            "type": [Function],
          },
          "type": "div",
        },
      ],
      "type": "div",
    },
  ],
  Symbol(enzyme.__options__): Object {
    "adapter": ReactSixteenAdapter {
      "options": Object {
        "enableComponentDidUpdateOnSetState": true,
      },
    },
  },
}
`;
