// Jest Snapshot v1, https://goo.gl/fbAQLP

exports[`<Project /> should match the snapshot 1`] = `
ShallowWrapper {
  "length": 1,
  Symbol(enzyme.__root__): [Circular],
  Symbol(enzyme.__unrendered__): <Project
    onChange={[MockFunction]}
    onExpand={[MockFunction]}
    project={
      Object {
        "header1": Object {
          "key": "",
          "value": "",
        },
        "header2": Object {
          "key": "",
          "value": "",
        },
        "wsdlLink": "",
      }
    }
  />,
  Symbol(enzyme.__renderer__): Object {
    "batchedUpdates": [Function],
    "getNode": [Function],
    "render": [Function],
    "simulateEvent": [Function],
    "unmount": [Function],
  },
  Symbol(enzyme.__node__): Object {
    "instance": null,
    "key": undefined,
    "nodeType": "host",
    "props": Object {
      "children": Array [
        <div
          className="flex justify-between"
        >
          <div
            className="b f3"
          >
            Project Information
          </div>
          <div
            className="pointer"
            data-role="expand"
            onClick={[MockFunction]}
          >
            <ExpandDown
              fill="#000000"
            />
          </div>
        </div>,
        <div
          className="pt4 pb4"
        >
          <label
            className="fw7 f6"
            htmlFor="wsdl"
          >
            WSDL Link
          </label>
          <input
            className="w-100 pa2 mt2 br2 b--black-20 ba f6"
            data-role="wsdl"
            id="wsdl"
            onChange={[Function]}
            placeholder="Placeholder..."
            value=""
          />
        </div>,
        <div
          className="w-50 fl pr3 pb3"
        >
          <label
            className="fw7 f6"
            htmlFor="header1-key"
          >
            Header Key
          </label>
          <input
            className="w-100 pa2 mt2 br2 b--black-20 ba f6"
            data-role="header1-key"
            id="header1-key"
            onChange={[Function]}
            placeholder="Placeholder..."
            value=""
          />
        </div>,
        <div
          className="w-50 fl pb3"
        >
          <label
            className="fw7 f6"
            htmlFor="header1-value"
          >
            Header Value
          </label>
          <input
            className="w-100 pa2 mt2 br2 b--black-20 ba f6"
            data-role="header1-value"
            id="header1-value"
            onChange={[Function]}
            placeholder="Placeholder..."
            value=""
          />
        </div>,
        <div
          className="w-50 fl pr3 pb3"
        >
          <label
            className="fw7 f6"
            htmlFor="header2-key"
          >
            Header Key
          </label>
          <input
            className="w-100 pa2 mt2 br2 b--black-20 ba f6"
            data-role="header2-key"
            id="header2-key"
            onChange={[Function]}
            placeholder="Placeholder..."
            value=""
          />
        </div>,
        <div
          className="w-50 fl pb3"
        >
          <label
            className="fw7 f6"
            htmlFor="header2-value"
          >
            Header Value
          </label>
          <input
            className="w-100 pa2 mt2 br2 b--black-20 ba f6"
            data-role="header2-value"
            id="header2-value"
            onChange={[Function]}
            placeholder="Placeholder..."
            value=""
          />
        </div>,
      ],
      "className": "h-100 w-100 pa3 near-black overflow-scroll",
    },
    "ref": null,
    "rendered": Array [
      Object {
        "instance": null,
        "key": undefined,
        "nodeType": "host",
        "props": Object {
          "children": Array [
            <div
              className="b f3"
            >
              Project Information
            </div>,
            <div
              className="pointer"
              data-role="expand"
              onClick={[MockFunction]}
            >
              <ExpandDown
                fill="#000000"
              />
            </div>,
          ],
          "className": "flex justify-between",
        },
        "ref": null,
        "rendered": Array [
          Object {
            "instance": null,
            "key": undefined,
            "nodeType": "host",
            "props": Object {
              "children": "Project Information",
              "className": "b f3",
            },
            "ref": null,
            "rendered": "Project Information",
            "type": "div",
          },
          Object {
            "instance": null,
            "key": undefined,
            "nodeType": "host",
            "props": Object {
              "children": <ExpandDown
                fill="#000000"
              />,
              "className": "pointer",
              "data-role": "expand",
              "onClick": [MockFunction],
            },
            "ref": null,
            "rendered": Object {
              "instance": null,
              "key": undefined,
              "nodeType": "function",
              "props": Object {
                "fill": "#000000",
              },
              "ref": null,
              "rendered": null,
              "type": [Function],
            },
            "type": "div",
          },
        ],
        "type": "div",
      },
      Object {
        "instance": null,
        "key": undefined,
        "nodeType": "host",
        "props": Object {
          "children": Array [
            <label
              className="fw7 f6"
              htmlFor="wsdl"
            >
              WSDL Link
            </label>,
            <input
              className="w-100 pa2 mt2 br2 b--black-20 ba f6"
              data-role="wsdl"
              id="wsdl"
              onChange={[Function]}
              placeholder="Placeholder..."
              value=""
            />,
          ],
          "className": "pt4 pb4",
        },
        "ref": null,
        "rendered": Array [
          Object {
            "instance": null,
            "key": undefined,
            "nodeType": "host",
            "props": Object {
              "children": "WSDL Link",
              "className": "fw7 f6",
              "htmlFor": "wsdl",
            },
            "ref": null,
            "rendered": "WSDL Link",
            "type": "label",
          },
          Object {
            "instance": null,
            "key": undefined,
            "nodeType": "host",
            "props": Object {
              "className": "w-100 pa2 mt2 br2 b--black-20 ba f6",
              "data-role": "wsdl",
              "id": "wsdl",
              "onChange": [Function],
              "placeholder": "Placeholder...",
              "value": "",
            },
            "ref": null,
            "rendered": null,
            "type": "input",
          },
        ],
        "type": "div",
      },
      Object {
        "instance": null,
        "key": undefined,
        "nodeType": "host",
        "props": Object {
          "children": Array [
            <label
              className="fw7 f6"
              htmlFor="header1-key"
            >
              Header Key
            </label>,
            <input
              className="w-100 pa2 mt2 br2 b--black-20 ba f6"
              data-role="header1-key"
              id="header1-key"
              onChange={[Function]}
              placeholder="Placeholder..."
              value=""
            />,
          ],
          "className": "w-50 fl pr3 pb3",
        },
        "ref": null,
        "rendered": Array [
          Object {
            "instance": null,
            "key": undefined,
            "nodeType": "host",
            "props": Object {
              "children": "Header Key",
              "className": "fw7 f6",
              "htmlFor": "header1-key",
            },
            "ref": null,
            "rendered": "Header Key",
            "type": "label",
          },
          Object {
            "instance": null,
            "key": undefined,
            "nodeType": "host",
            "props": Object {
              "className": "w-100 pa2 mt2 br2 b--black-20 ba f6",
              "data-role": "header1-key",
              "id": "header1-key",
              "onChange": [Function],
              "placeholder": "Placeholder...",
              "value": "",
            },
            "ref": null,
            "rendered": null,
            "type": "input",
          },
        ],
        "type": "div",
      },
      Object {
        "instance": null,
        "key": undefined,
        "nodeType": "host",
        "props": Object {
          "children": Array [
            <label
              className="fw7 f6"
              htmlFor="header1-value"
            >
              Header Value
            </label>,
            <input
              className="w-100 pa2 mt2 br2 b--black-20 ba f6"
              data-role="header1-value"
              id="header1-value"
              onChange={[Function]}
              placeholder="Placeholder..."
              value=""
            />,
          ],
          "className": "w-50 fl pb3",
        },
        "ref": null,
        "rendered": Array [
          Object {
            "instance": null,
            "key": undefined,
            "nodeType": "host",
            "props": Object {
              "children": "Header Value",
              "className": "fw7 f6",
              "htmlFor": "header1-value",
            },
            "ref": null,
            "rendered": "Header Value",
            "type": "label",
          },
          Object {
            "instance": null,
            "key": undefined,
            "nodeType": "host",
            "props": Object {
              "className": "w-100 pa2 mt2 br2 b--black-20 ba f6",
              "data-role": "header1-value",
              "id": "header1-value",
              "onChange": [Function],
              "placeholder": "Placeholder...",
              "value": "",
            },
            "ref": null,
            "rendered": null,
            "type": "input",
          },
        ],
        "type": "div",
      },
      Object {
        "instance": null,
        "key": undefined,
        "nodeType": "host",
        "props": Object {
          "children": Array [
            <label
              className="fw7 f6"
              htmlFor="header2-key"
            >
              Header Key
            </label>,
            <input
              className="w-100 pa2 mt2 br2 b--black-20 ba f6"
              data-role="header2-key"
              id="header2-key"
              onChange={[Function]}
              placeholder="Placeholder..."
              value=""
            />,
          ],
          "className": "w-50 fl pr3 pb3",
        },
        "ref": null,
        "rendered": Array [
          Object {
            "instance": null,
            "key": undefined,
            "nodeType": "host",
            "props": Object {
              "children": "Header Key",
              "className": "fw7 f6",
              "htmlFor": "header2-key",
            },
            "ref": null,
            "rendered": "Header Key",
            "type": "label",
          },
          Object {
            "instance": null,
            "key": undefined,
            "nodeType": "host",
            "props": Object {
              "className": "w-100 pa2 mt2 br2 b--black-20 ba f6",
              "data-role": "header2-key",
              "id": "header2-key",
              "onChange": [Function],
              "placeholder": "Placeholder...",
              "value": "",
            },
            "ref": null,
            "rendered": null,
            "type": "input",
          },
        ],
        "type": "div",
      },
      Object {
        "instance": null,
        "key": undefined,
        "nodeType": "host",
        "props": Object {
          "children": Array [
            <label
              className="fw7 f6"
              htmlFor="header2-value"
            >
              Header Value
            </label>,
            <input
              className="w-100 pa2 mt2 br2 b--black-20 ba f6"
              data-role="header2-value"
              id="header2-value"
              onChange={[Function]}
              placeholder="Placeholder..."
              value=""
            />,
          ],
          "className": "w-50 fl pb3",
        },
        "ref": null,
        "rendered": Array [
          Object {
            "instance": null,
            "key": undefined,
            "nodeType": "host",
            "props": Object {
              "children": "Header Value",
              "className": "fw7 f6",
              "htmlFor": "header2-value",
            },
            "ref": null,
            "rendered": "Header Value",
            "type": "label",
          },
          Object {
            "instance": null,
            "key": undefined,
            "nodeType": "host",
            "props": Object {
              "className": "w-100 pa2 mt2 br2 b--black-20 ba f6",
              "data-role": "header2-value",
              "id": "header2-value",
              "onChange": [Function],
              "placeholder": "Placeholder...",
              "value": "",
            },
            "ref": null,
            "rendered": null,
            "type": "input",
          },
        ],
        "type": "div",
      },
    ],
    "type": "div",
  },
  Symbol(enzyme.__nodes__): Array [
    Object {
      "instance": null,
      "key": undefined,
      "nodeType": "host",
      "props": Object {
        "children": Array [
          <div
            className="flex justify-between"
          >
            <div
              className="b f3"
            >
              Project Information
            </div>
            <div
              className="pointer"
              data-role="expand"
              onClick={[MockFunction]}
            >
              <ExpandDown
                fill="#000000"
              />
            </div>
          </div>,
          <div
            className="pt4 pb4"
          >
            <label
              className="fw7 f6"
              htmlFor="wsdl"
            >
              WSDL Link
            </label>
            <input
              className="w-100 pa2 mt2 br2 b--black-20 ba f6"
              data-role="wsdl"
              id="wsdl"
              onChange={[Function]}
              placeholder="Placeholder..."
              value=""
            />
          </div>,
          <div
            className="w-50 fl pr3 pb3"
          >
            <label
              className="fw7 f6"
              htmlFor="header1-key"
            >
              Header Key
            </label>
            <input
              className="w-100 pa2 mt2 br2 b--black-20 ba f6"
              data-role="header1-key"
              id="header1-key"
              onChange={[Function]}
              placeholder="Placeholder..."
              value=""
            />
          </div>,
          <div
            className="w-50 fl pb3"
          >
            <label
              className="fw7 f6"
              htmlFor="header1-value"
            >
              Header Value
            </label>
            <input
              className="w-100 pa2 mt2 br2 b--black-20 ba f6"
              data-role="header1-value"
              id="header1-value"
              onChange={[Function]}
              placeholder="Placeholder..."
              value=""
            />
          </div>,
          <div
            className="w-50 fl pr3 pb3"
          >
            <label
              className="fw7 f6"
              htmlFor="header2-key"
            >
              Header Key
            </label>
            <input
              className="w-100 pa2 mt2 br2 b--black-20 ba f6"
              data-role="header2-key"
              id="header2-key"
              onChange={[Function]}
              placeholder="Placeholder..."
              value=""
            />
          </div>,
          <div
            className="w-50 fl pb3"
          >
            <label
              className="fw7 f6"
              htmlFor="header2-value"
            >
              Header Value
            </label>
            <input
              className="w-100 pa2 mt2 br2 b--black-20 ba f6"
              data-role="header2-value"
              id="header2-value"
              onChange={[Function]}
              placeholder="Placeholder..."
              value=""
            />
          </div>,
        ],
        "className": "h-100 w-100 pa3 near-black overflow-scroll",
      },
      "ref": null,
      "rendered": Array [
        Object {
          "instance": null,
          "key": undefined,
          "nodeType": "host",
          "props": Object {
            "children": Array [
              <div
                className="b f3"
              >
                Project Information
              </div>,
              <div
                className="pointer"
                data-role="expand"
                onClick={[MockFunction]}
              >
                <ExpandDown
                  fill="#000000"
                />
              </div>,
            ],
            "className": "flex justify-between",
          },
          "ref": null,
          "rendered": Array [
            Object {
              "instance": null,
              "key": undefined,
              "nodeType": "host",
              "props": Object {
                "children": "Project Information",
                "className": "b f3",
              },
              "ref": null,
              "rendered": "Project Information",
              "type": "div",
            },
            Object {
              "instance": null,
              "key": undefined,
              "nodeType": "host",
              "props": Object {
                "children": <ExpandDown
                  fill="#000000"
                />,
                "className": "pointer",
                "data-role": "expand",
                "onClick": [MockFunction],
              },
              "ref": null,
              "rendered": Object {
                "instance": null,
                "key": undefined,
                "nodeType": "function",
                "props": Object {
                  "fill": "#000000",
                },
                "ref": null,
                "rendered": null,
                "type": [Function],
              },
              "type": "div",
            },
          ],
          "type": "div",
        },
        Object {
          "instance": null,
          "key": undefined,
          "nodeType": "host",
          "props": Object {
            "children": Array [
              <label
                className="fw7 f6"
                htmlFor="wsdl"
              >
                WSDL Link
              </label>,
              <input
                className="w-100 pa2 mt2 br2 b--black-20 ba f6"
                data-role="wsdl"
                id="wsdl"
                onChange={[Function]}
                placeholder="Placeholder..."
                value=""
              />,
            ],
            "className": "pt4 pb4",
          },
          "ref": null,
          "rendered": Array [
            Object {
              "instance": null,
              "key": undefined,
              "nodeType": "host",
              "props": Object {
                "children": "WSDL Link",
                "className": "fw7 f6",
                "htmlFor": "wsdl",
              },
              "ref": null,
              "rendered": "WSDL Link",
              "type": "label",
            },
            Object {
              "instance": null,
              "key": undefined,
              "nodeType": "host",
              "props": Object {
                "className": "w-100 pa2 mt2 br2 b--black-20 ba f6",
                "data-role": "wsdl",
                "id": "wsdl",
                "onChange": [Function],
                "placeholder": "Placeholder...",
                "value": "",
              },
              "ref": null,
              "rendered": null,
              "type": "input",
            },
          ],
          "type": "div",
        },
        Object {
          "instance": null,
          "key": undefined,
          "nodeType": "host",
          "props": Object {
            "children": Array [
              <label
                className="fw7 f6"
                htmlFor="header1-key"
              >
                Header Key
              </label>,
              <input
                className="w-100 pa2 mt2 br2 b--black-20 ba f6"
                data-role="header1-key"
                id="header1-key"
                onChange={[Function]}
                placeholder="Placeholder..."
                value=""
              />,
            ],
            "className": "w-50 fl pr3 pb3",
          },
          "ref": null,
          "rendered": Array [
            Object {
              "instance": null,
              "key": undefined,
              "nodeType": "host",
              "props": Object {
                "children": "Header Key",
                "className": "fw7 f6",
                "htmlFor": "header1-key",
              },
              "ref": null,
              "rendered": "Header Key",
              "type": "label",
            },
            Object {
              "instance": null,
              "key": undefined,
              "nodeType": "host",
              "props": Object {
                "className": "w-100 pa2 mt2 br2 b--black-20 ba f6",
                "data-role": "header1-key",
                "id": "header1-key",
                "onChange": [Function],
                "placeholder": "Placeholder...",
                "value": "",
              },
              "ref": null,
              "rendered": null,
              "type": "input",
            },
          ],
          "type": "div",
        },
        Object {
          "instance": null,
          "key": undefined,
          "nodeType": "host",
          "props": Object {
            "children": Array [
              <label
                className="fw7 f6"
                htmlFor="header1-value"
              >
                Header Value
              </label>,
              <input
                className="w-100 pa2 mt2 br2 b--black-20 ba f6"
                data-role="header1-value"
                id="header1-value"
                onChange={[Function]}
                placeholder="Placeholder..."
                value=""
              />,
            ],
            "className": "w-50 fl pb3",
          },
          "ref": null,
          "rendered": Array [
            Object {
              "instance": null,
              "key": undefined,
              "nodeType": "host",
              "props": Object {
                "children": "Header Value",
                "className": "fw7 f6",
                "htmlFor": "header1-value",
              },
              "ref": null,
              "rendered": "Header Value",
              "type": "label",
            },
            Object {
              "instance": null,
              "key": undefined,
              "nodeType": "host",
              "props": Object {
                "className": "w-100 pa2 mt2 br2 b--black-20 ba f6",
                "data-role": "header1-value",
                "id": "header1-value",
                "onChange": [Function],
                "placeholder": "Placeholder...",
                "value": "",
              },
              "ref": null,
              "rendered": null,
              "type": "input",
            },
          ],
          "type": "div",
        },
        Object {
          "instance": null,
          "key": undefined,
          "nodeType": "host",
          "props": Object {
            "children": Array [
              <label
                className="fw7 f6"
                htmlFor="header2-key"
              >
                Header Key
              </label>,
              <input
                className="w-100 pa2 mt2 br2 b--black-20 ba f6"
                data-role="header2-key"
                id="header2-key"
                onChange={[Function]}
                placeholder="Placeholder..."
                value=""
              />,
            ],
            "className": "w-50 fl pr3 pb3",
          },
          "ref": null,
          "rendered": Array [
            Object {
              "instance": null,
              "key": undefined,
              "nodeType": "host",
              "props": Object {
                "children": "Header Key",
                "className": "fw7 f6",
                "htmlFor": "header2-key",
              },
              "ref": null,
              "rendered": "Header Key",
              "type": "label",
            },
            Object {
              "instance": null,
              "key": undefined,
              "nodeType": "host",
              "props": Object {
                "className": "w-100 pa2 mt2 br2 b--black-20 ba f6",
                "data-role": "header2-key",
                "id": "header2-key",
                "onChange": [Function],
                "placeholder": "Placeholder...",
                "value": "",
              },
              "ref": null,
              "rendered": null,
              "type": "input",
            },
          ],
          "type": "div",
        },
        Object {
          "instance": null,
          "key": undefined,
          "nodeType": "host",
          "props": Object {
            "children": Array [
              <label
                className="fw7 f6"
                htmlFor="header2-value"
              >
                Header Value
              </label>,
              <input
                className="w-100 pa2 mt2 br2 b--black-20 ba f6"
                data-role="header2-value"
                id="header2-value"
                onChange={[Function]}
                placeholder="Placeholder..."
                value=""
              />,
            ],
            "className": "w-50 fl pb3",
          },
          "ref": null,
          "rendered": Array [
            Object {
              "instance": null,
              "key": undefined,
              "nodeType": "host",
              "props": Object {
                "children": "Header Value",
                "className": "fw7 f6",
                "htmlFor": "header2-value",
              },
              "ref": null,
              "rendered": "Header Value",
              "type": "label",
            },
            Object {
              "instance": null,
              "key": undefined,
              "nodeType": "host",
              "props": Object {
                "className": "w-100 pa2 mt2 br2 b--black-20 ba f6",
                "data-role": "header2-value",
                "id": "header2-value",
                "onChange": [Function],
                "placeholder": "Placeholder...",
                "value": "",
              },
              "ref": null,
              "rendered": null,
              "type": "input",
            },
          ],
          "type": "div",
        },
      ],
      "type": "div",
    },
  ],
  Symbol(enzyme.__options__): Object {
    "adapter": ReactSixteenAdapter {
      "options": Object {
        "enableComponentDidUpdateOnSetState": true,
      },
    },
  },
}
`;
